Microchip MPLAB XC8 Compiler V2.32

Linker command line:

-W-3 --edf=C:\Program Files\Microchip\xc8\v2.32\pic\dat\en_msgs.txt -cn \
  -h+dist/default/production\primeiro_trabalho.X.production.sym \
  --cmf=dist/default/production\primeiro_trabalho.X.production.cmf -z \
  -Q16F877A -oC:\Users\felip\AppData\Local\Temp\xcAscpc.4 \
  --defsym=__MPLAB_BUILD=1 \
  -Mdist/default/production/primeiro_trabalho.X.production.map -E1 \
  -ver=XC8 Compiler --acfsm=1493 -ASTACK=0110h-016Fh -pstack=STACK \
  -ACODE=00h-07FFhx4 -ASTRCODE=00h-01FFFh -ASTRING=00h-0FFhx32 \
  -ACONST=00h-0FFhx32 -AENTRY=00h-0FFhx32 -ACOMMON=070h-07Fh \
  -ABANK0=020h-06Fh -ABANK1=0A0h-0EFh -ABANK2=0110h-016Fh \
  -ABANK3=0190h-01EFh -ARAM=020h-06Fh,0A0h-0EFh,0110h-016Fh,0190h-01EFh \
  -AABS1=020h-07Fh,0A0h-0EFh,0110h-016Fh,0190h-01EFh -ASFR0=00h-01Fh \
  -ASFR1=080h-09Fh -ASFR2=0100h-010Fh -ASFR3=0180h-018Fh \
  -ACONFIG=02007h-02007h -DCONFIG=2 -AIDLOC=02000h-02003h -DIDLOC=2 \
  -AEEDATA=00h-0FFh/02100h -peeprom_data=EEDATA -DEEDATA=2 -DCODE=2 \
  -DSTRCODE=2 -DSTRING=2 -DCONST=2 -DENTRY=2 \
  -preset_vec=00h,intentry=04h,init,end_init -ppowerup=CODE -pcinit=CODE \
  -pfunctab=ENTRY -k C:\Users\felip\AppData\Local\Temp\xcAscpc.o \
  dist/default/production\primeiro_trabalho.X.production.o 

Object code version is 3.11

Machine type is 16F877A



                Name                               Link     Load   Length Selector   Space Scale
C:\Users\felip\AppData\Local\Temp\xcAscpc.o
                end_init                              C        C        3        8       0
                reset_vec                             0        0        3        0       0
                config                             2007     2007        1        0       4
dist/default/production\primeiro_trabalho.X.production.o
                cinit                                 F        F       15        8       0
                intentry                              4        4        8        8       0
                config                             2007     2007        1        0       4
                text33                               24       24       D1        8       0
                text32                              6D2      6D2        4      554       0
                text31                              66B      66B       11      554       0
                text30                              4BE      4BE       27      554       0
                text29                              50B      50B       1F      554       0
                text28                              6CC      6CC        6      554       0
                text27                              6C6      6C6        6      554       0
                text26                              68C      68C       10      554       0
                text25                              425      425       3B      554       0
                text24                              67C      67C       10      554       0
                text23                              460      460       32      554       0
                text22                              5FC      5FC       1E      554       0
                text21                              61A      61A       1D      554       0
                text20                              6B6      6B6        A      554       0
                text19                              6AA      6AA        C      554       0
                text18                              69C      69C        E      554       0
                text17                              31C      31C       49      554       0
                text16                              3AB      3AB       3E      554       0
                text15                              6C0      6C0        6      554       0
                text14                              5DE      5DE       1E      554       0
                text13                              5C0      5C0       1E      554       0
                text12                              5A2      5A2       1E      554       0
                text11                              651      651       1A      554       0
                text10                              584      584       1E      554       0
                text9                               566      566       1E      554       0
                text8                               548      548       1E      554       0
                text7                               52A      52A       1E      554       0
                text6                               637      637       1A      554       0
                text5                               365      365       46      554       0
                text4                               3E9      3E9       3C      554       0
                text3                               2AA      2AA       72      554       0
                text2                               4E5      4E5       26      554       0
                text1                               492      492       2C      554       0
                maintext                             F5       F5       BC        8       0
                cstackBANK0                          20       20       17       20       1
                cstackCOMMON                         70       70        8       70       1
                bssBANK0                             37       37        C       20       1
                bssCOMMON                            78       78        3       70       1
                strings                             200      200       AA      400       0

TOTAL           Name                               Link     Load   Length     Space
        CLASS   STACK          

        CLASS   CODE           
                end_init                              C        C        3         0
                cinit                                 F        F       15         0
                intentry                              4        4        8         0
                reset_vec                             0        0        3         0
                text33                               24       24       D1         0
                text32                              6D2      6D2        4         0
                text31                              66B      66B       11         0
                text30                              4BE      4BE       27         0
                text29                              50B      50B       1F         0
                text28                              6CC      6CC        6         0
                text27                              6C6      6C6        6         0
                text26                              68C      68C       10         0
                text25                              425      425       3B         0
                text24                              67C      67C       10         0
                text23                              460      460       32         0
                text22                              5FC      5FC       1E         0
                text21                              61A      61A       1D         0
                text20                              6B6      6B6        A         0
                text19                              6AA      6AA        C         0
                text18                              69C      69C        E         0
                text17                              31C      31C       49         0
                text16                              3AB      3AB       3E         0
                text15                              6C0      6C0        6         0
                text14                              5DE      5DE       1E         0
                text13                              5C0      5C0       1E         0
                text12                              5A2      5A2       1E         0
                text11                              651      651       1A         0
                text10                              584      584       1E         0
                text9                               566      566       1E         0
                text8                               548      548       1E         0
                text7                               52A      52A       1E         0
                text6                               637      637       1A         0
                text5                               365      365       46         0
                text4                               3E9      3E9       3C         0
                text3                               2AA      2AA       72         0
                text2                               4E5      4E5       26         0
                text1                               492      492       2C         0
                maintext                             F5       F5       BC         0

        CLASS   STRCODE        

        CLASS   STRING         
                strings                             200      200       AA         0

        CLASS   CONST          

        CLASS   ENTRY          

        CLASS   COMMON         
                cstackCOMMON                         70       70        8         1
                bssCOMMON                            78       78        3         1

        CLASS   BANK0          
                cstackBANK0                          20       20       17         1
                bssBANK0                             37       37        C         1

        CLASS   BANK1          

        CLASS   BANK2          

        CLASS   BANK3          

        CLASS   RAM            

        CLASS   ABS1           
                abs_s1                               7E       7E        2         1

        CLASS   SFR0           

        CLASS   SFR1           

        CLASS   SFR2           

        CLASS   SFR3           

        CLASS   CONFIG         
                config                             2007     2007        1         4

        CLASS   IDLOC          

        CLASS   EEDATA         



SEGMENTS        Name                           Load    Length   Top    Selector   Space  Class     Delta

                reset_vec                      000000  000003  000003         0       0  CODE        2
                intentry                       000004  0001AD  0001B1         8       0  CODE        2
                cstackBANK0                    000020  000023  000043        20       1  BANK0       1
                cstackCOMMON                   000070  00000B  00007B        70       1  COMMON      1
                strings                        000200  0000AA  0002AA       400       0  STRING      2
                text3                          0002AA  00042C  0006D6       554       0  CODE        2


UNUSED ADDRESS RANGES

        Name                Unused          Largest block    Delta
        BANK0            0043-006F             2D           1
        BANK1            00A0-00EF             50           1
        BANK2            0110-016F             60           1
        BANK3            0190-01EF             60           1
        CODE             0003-0003              1           2
                         01B1-01FF             4F
                         06D6-1FFF            800
        COMMON           007B-007D              3           1
        CONST            0003-0003              1           2
                         01B1-01FF             4F
                         06D6-1FFF            100
        EEDATA           2100-21FF            100           2
        ENTRY            0003-0003              1           2
                         01B1-01FF             4F
                         06D6-1FFF            100
        IDLOC            2000-2003              4           2
        RAM              0043-006F             2D           1
                         00A0-00EF             50
                         0110-016F             60
                         0190-01EF             60
        SFR0             0000-001F             20           1
        SFR1             0080-009F             20           1
        SFR2             0100-010F             10           1
        SFR3             0180-018F             10           1
        STACK            0110-016F             60           1
        STRCODE          0003-0003              1           2
                         01B1-01FF             4F
                         06D6-1FFF           192A
        STRING           0003-0003              1           2
                         01B1-01FF             4F
                         06D6-1FFF            100

                                  Symbol Table

?___lwdiv                 cstackCOMMON 0073
?___lwmod                 cstackCOMMON 0073
_CMCON                    (abs)        009C
_INTCON                   (abs)        000B
_INTCONbits               (abs)        000B
_OPTION_REG               (abs)        0081
_PORTA                    (abs)        0005
_PORTB                    (abs)        0006
_PORTBbits                (abs)        0006
_PORTC                    (abs)        0007
_PORTCbits                (abs)        0007
_PORTD                    (abs)        0008
_PORTDbits                (abs)        0008
_PORTE                    (abs)        0009
_TMR0                     (abs)        0001
_TRISA                    (abs)        0085
_TRISB                    (abs)        0086
_TRISC                    (abs)        0087
_TRISD                    (abs)        0088
_TRISE                    (abs)        0089
__Habs1                   abs1         0000
__Hbank0                  bank0        0000
__Hbank1                  bank1        0000
__Hbank2                  bank2        0000
__Hbank3                  bank3        0000
__HbssBANK0               bssBANK0     0000
__HbssCOMMON              bssCOMMON    0000
__Hcinit                  cinit        0024
__Hclrtext                clrtext      0000
__Hcode                   code         0000
__Hcommon                 common       0000
__Hconfig                 config       2008
__HcstackBANK0            cstackBANK0  0000
__HcstackCOMMON           cstackCOMMON 0000
__Heeprom_data            eeprom_data  0000
__Hend_init               end_init     000F
__Hfunctab                functab      0000
__Hinit                   init         000C
__Hintentry               intentry     000C
__Hmaintext               maintext     0000
__Hpowerup                powerup      0000
__Hram                    ram          0000
__Hreset_vec              reset_vec    0003
__Hsfr0                   sfr0         0000
__Hsfr1                   sfr1         0000
__Hsfr2                   sfr2         0000
__Hsfr3                   sfr3         0000
__Hspace_0                (abs)        06D6
__Hspace_1                (abs)        007B
__Hspace_2                (abs)        0000
__Hspace_3                (abs)        0000
__Hspace_4                (abs)        400F
__Hstack                  stack        0000
__Hstrings                strings      0000
__Htext                   text         0000
__Labs1                   abs1         0000
__Lbank0                  bank0        0000
__Lbank1                  bank1        0000
__Lbank2                  bank2        0000
__Lbank3                  bank3        0000
__LbssBANK0               bssBANK0     0000
__LbssCOMMON              bssCOMMON    0000
__Lcinit                  cinit        000F
__Lclrtext                clrtext      0000
__Lcode                   code         0000
__Lcommon                 common       0000
__Lconfig                 config       0000
__LcstackBANK0            cstackBANK0  0000
__LcstackCOMMON           cstackCOMMON 0000
__Leeprom_data            eeprom_data  0000
__Lend_init               end_init     000C
__Lfunctab                functab      0000
__Linit                   init         000C
__Lintentry               intentry     0004
__Lmaintext               maintext     0000
__Lpowerup                powerup      0000
__Lram                    ram          0000
__Lreset_vec              reset_vec    0000
__Lsfr0                   sfr0         0000
__Lsfr1                   sfr1         0000
__Lsfr2                   sfr2         0000
__Lsfr3                   sfr3         0000
__Lspace_0                (abs)        0000
__Lspace_1                (abs)        0000
__Lspace_2                (abs)        0000
__Lspace_3                (abs)        0000
__Lspace_4                (abs)        0000
__Lstack                  stack        0000
__Lstrings                strings      0000
__Ltext                   text         0000
__S0                      (abs)        06D6
__S1                      (abs)        007B
__S2                      (abs)        0000
__S3                      (abs)        0000
___int_sp                 stack        0000
___latbits                (abs)        0002
___lwdiv                  text5        0365
___lwdiv@counter          cstackBANK0  0020
___lwdiv@dividend         cstackCOMMON 0075
___lwdiv@divisor          cstackCOMMON 0073
___lwdiv@quotient         cstackBANK0  0021
___lwmod                  text4        03E9
___lwmod@counter          cstackBANK0  0020
___lwmod@dividend         cstackCOMMON 0075
___lwmod@divisor          cstackCOMMON 0073
___sp                     stack        0000
___stackhi                (abs)        0000
___stacklo                (abs)        0000
__end_of___lwdiv          text5        03AB
__end_of___lwmod          text4        0425
__end_of__initialization  cinit        0020
__end_of__stringtab       strings      0210
__end_of_esperando        text22       061A
__end_of_init             text21       0637
__end_of_itoa             text2        050B
__end_of_lcd_byte_4bits   text29       052A
__end_of_lcd_byte_8bits   text28       06D2
__end_of_lcd_char         text24       068C
__end_of_lcd_clear        text19       06B6
__end_of_lcd_cmd          text26       069C
__end_of_lcd_delay_1us    text32       06D6
__end_of_lcd_delay_2ms    text20       06C0
__end_of_lcd_delay_40ms   text18       06AA
__end_of_lcd_delay_40us   text27       06CC
__end_of_lcd_en_pulse     text31       067C
__end_of_lcd_goto         text25       0460
__end_of_lcd_init         text15       06C6
__end_of_lcd_init_4bits   text17       0365
__end_of_lcd_init_8bits   text16       03E9
__end_of_lcd_puts         text23       0492
__end_of_lcd_send_nibble  text30       04E5
__end_of_ligar_motor      text14       05FC
__end_of_main             maintext     01B1
__end_of_myIsr            text33       00F5
__end_of_pac_A            text13       05DE
__end_of_pac_B            text12       05C0
__end_of_pac_C            text11       066B
__end_of_pac_Erro         text10       05A2
__end_of_pac_Remova       text9        0584
__end_of_pac_dual         text8        0566
__end_of_pac_null         text7        0548
__end_of_qnt              text6        0651
__end_of_set_valor        text1        04BE
__end_of_utoa             text3        031C
__initialization          cinit        000F
__pbssBANK0               bssBANK0     0037
__pbssCOMMON              bssCOMMON    0078
__pcstackBANK0            cstackBANK0  0020
__pcstackCOMMON           cstackCOMMON 0070
__pintentry               intentry     0004
__pmaintext               maintext     00F5
__pstrings                strings      0200
__ptext1                  text1        0492
__ptext10                 text10       0584
__ptext11                 text11       0651
__ptext12                 text12       05A2
__ptext13                 text13       05C0
__ptext14                 text14       05DE
__ptext15                 text15       06C0
__ptext16                 text16       03AB
__ptext17                 text17       031C
__ptext18                 text18       069C
__ptext19                 text19       06AA
__ptext2                  text2        04E5
__ptext20                 text20       06B6
__ptext21                 text21       061A
__ptext22                 text22       05FC
__ptext23                 text23       0460
__ptext24                 text24       067C
__ptext25                 text25       0425
__ptext26                 text26       068C
__ptext27                 text27       06C6
__ptext28                 text28       06CC
__ptext29                 text29       050B
__ptext3                  text3        02AA
__ptext30                 text30       04BE
__ptext31                 text31       066B
__ptext32                 text32       06D2
__ptext33                 text33       0024
__ptext4                  text4        03E9
__ptext5                  text5        0365
__ptext6                  text6        0637
__ptext7                  text7        052A
__ptext8                  text8        0548
__ptext9                  text9        0566
__size_of___lwdiv         (abs)        0000
__size_of___lwmod         (abs)        0000
__size_of_esperando       (abs)        0000
__size_of_init            (abs)        0000
__size_of_itoa            (abs)        0000
__size_of_lcd_byte_4bits  (abs)        0000
__size_of_lcd_byte_8bits  (abs)        0000
__size_of_lcd_char        (abs)        0000
__size_of_lcd_clear       (abs)        0000
__size_of_lcd_cmd         (abs)        0000
__size_of_lcd_delay_1us   (abs)        0000
__size_of_lcd_delay_2ms   (abs)        0000
__size_of_lcd_delay_40ms  (abs)        0000
__size_of_lcd_delay_40us  (abs)        0000
__size_of_lcd_en_pulse    (abs)        0000
__size_of_lcd_goto        (abs)        0000
__size_of_lcd_init        (abs)        0000
__size_of_lcd_init_4bits  (abs)        0000
__size_of_lcd_init_8bits  (abs)        0000
__size_of_lcd_puts        (abs)        0000
__size_of_lcd_send_nibble (abs)        0000
__size_of_ligar_motor     (abs)        0000
__size_of_main            (abs)        0000
__size_of_myIsr           (abs)        0000
__size_of_pac_A           (abs)        0000
__size_of_pac_B           (abs)        0000
__size_of_pac_C           (abs)        0000
__size_of_pac_Erro        (abs)        0000
__size_of_pac_Remova      (abs)        0000
__size_of_pac_dual        (abs)        0000
__size_of_pac_null        (abs)        0000
__size_of_qnt             (abs)        0000
__size_of_set_valor       (abs)        0000
__size_of_utoa            (abs)        0000
__stringbase              strings      020F
__stringtab               strings      0200
_char_value               bssBANK0     003E
_count0                   bssBANK0     003B
_esperando                text22       05FC
_init                     text21       061A
_itoa                     text2        04E5
_lcd_byte_4bits           text29       050B
_lcd_byte_8bits           text28       06CC
_lcd_char                 text24       067C
_lcd_clear                text19       06AA
_lcd_cmd                  text26       068C
_lcd_delay_1us            text32       06D2
_lcd_delay_2ms            text20       06B6
_lcd_delay_40ms           text18       069C
_lcd_delay_40us           text27       06C6
_lcd_en_pulse             text31       066B
_lcd_goto                 text25       0425
_lcd_init                 text15       06C0
_lcd_init_4bits           text17       031C
_lcd_init_8bits           text16       03AB
_lcd_puts                 text23       0460
_lcd_send_nibble          text30       04BE
_ligar_motor              text14       05DE
_main                     maintext     00F5
_myIsr                    text33       0024
_option                   bssBANK0     003D
_pac_A                    text13       05C0
_pac_B                    text12       05A2
_pac_C                    text11       0651
_pac_Erro                 text10       0584
_pac_Remova               text9        0566
_pac_dual                 text8        0548
_pac_null                 text7        052A
_pacotes                  bssBANK0     0039
_ps_c                     bssBANK0     0037
_qnt                      text6        0637
_rm_pacote                bssCOMMON    0078
_set_valor                text1        0492
_utoa                     text3        02AA
btemp                     (abs)        007E
end_of_initialization     cinit        0020
interrupt_function        intentry     0004
intlevel0                 functab      0000
intlevel1                 functab      0000
intlevel2                 functab      0000
intlevel3                 functab      0000
intlevel4                 functab      0000
intlevel5                 functab      0000
itoa@base                 cstackBANK0  002E
itoa@buf                  cstackBANK0  0031
itoa@val                  cstackBANK0  002C
lcd_byte_4bits@data       cstackCOMMON 0076
lcd_byte_4bits@nibble     cstackCOMMON 0077
lcd_char@data             cstackBANK0  0020
lcd_cmd@data              cstackBANK0  0020
lcd_goto@col              cstackBANK0  0021
lcd_goto@lin              cstackBANK0  0024
lcd_puts@LENGHT           cstackBANK0  0023
lcd_puts@cnt              cstackBANK0  0029
lcd_puts@vector           cstackBANK0  0021
lcd_puts@x                cstackBANK0  0028
lcd_send_nibble@data      cstackCOMMON 0073
reset_vec                 reset_vec    0000
saved_w                   (abs)        007E
set_valor@valor           cstackBANK0  0032
start                     init         000C
start_initialization      cinit        000F
utoa@base                 cstackBANK0  0025
utoa@buf                  cstackBANK0  002B
utoa@c                    cstackBANK0  002A
utoa@v                    cstackBANK0  0028
utoa@val                  cstackBANK0  0023
wtemp0                    (abs)        007E


MODULE INFORMATION

Module		Function		Class		Link	Load	Size
C:\Program Files\Microchip\xc8\v2.32\pic\sources\c90\common\lwmod.c
		___lwmod       		CODE           	03E9	0000	60

C:\Program Files\Microchip\xc8\v2.32\pic\sources\c90\common\lwmod.c estimated size: 60

shared
		__stringtab    		STRING         	0200	0000	16
		__initialization		CODE           	000F	0000	17

shared estimated size: 33

lcd.c
		_lcd_puts      		CODE           	0460	0000	50
		_lcd_cmd       		CODE           	068C	0000	16
		_lcd_delay_2ms 		CODE           	06B6	0000	10
		_lcd_delay_1us 		CODE           	06D2	0000	4
		_lcd_init_4bits		CODE           	031C	0000	73
		_lcd_init_8bits		CODE           	03AB	0000	62
		_lcd_delay_40ms		CODE           	069C	0000	14
		_lcd_delay_40us		CODE           	06C6	0000	6
		_lcd_char      		CODE           	067C	0000	16
		_lcd_byte_4bits		CODE           	050B	0000	31
		_lcd_byte_8bits		CODE           	06CC	0000	6
		_lcd_en_pulse  		CODE           	066B	0000	17
		_lcd_clear     		CODE           	06AA	0000	12
		_lcd_goto      		CODE           	0425	0000	59
		_lcd_send_nibble		CODE           	04BE	0000	39
		_lcd_init      		CODE           	06C0	0000	6

lcd.c estimated size: 421

C:\Program Files\Microchip\xc8\v2.32\pic\sources\c90\common\lwdiv.c
		___lwdiv       		CODE           	0365	0000	70

C:\Program Files\Microchip\xc8\v2.32\pic\sources\c90\common\lwdiv.c estimated size: 70

main.c
		_init          		CODE           	061A	0000	29
		_pac_B         		CODE           	05A2	0000	30
		_pac_null      		CODE           	052A	0000	30
		_pac_Erro      		CODE           	0584	0000	30
		_main          		CODE           	00F5	0000	188
		_pac_C         		CODE           	0651	0000	26
		_myIsr         		CODE           	0024	0000	209
		_ligar_motor   		CODE           	05DE	0000	30
		_set_valor     		CODE           	0492	0000	44
		_qnt           		CODE           	0637	0000	26
		_pac_Remova    		CODE           	0566	0000	30
		_esperando     		CODE           	05FC	0000	30
		_pac_A         		CODE           	05C0	0000	30
		_pac_dual      		CODE           	0548	0000	30

main.c estimated size: 762

C:\Program Files\Microchip\xc8\v2.32\pic\sources\c90\common\itoa.c
		_itoa          		CODE           	04E5	0000	38
		_utoa          		CODE           	02AA	0000	114

C:\Program Files\Microchip\xc8\v2.32\pic\sources\c90\common\itoa.c estimated size: 152

